// Vitest Snapshot v1, https://vitest.dev/guide/snapshot.html

exports[`DishRecord Component Integration Tests > displays ingredients when expanded 1`] = `
<DocumentFragment>
  <div
    class="MuiBox-root css-i9gxme"
  >
    <div
      class="MuiGrid-root MuiGrid-container MuiGrid-direction-xs-row css-d64g0g-MuiGrid-root"
    >
      <div
        class="MuiGrid-root MuiGrid-direction-xs-row MuiGrid-grid-xs-12 css-yqiqnf-MuiGrid-root"
      />
      <div
        class="MuiGrid-root MuiGrid-direction-xs-row MuiGrid-grid-xs-12 css-yqiqnf-MuiGrid-root"
      >
        <div>
          Dish Records
          <input
            data-testid="search-input"
          />
          <button
            data-testid="delete-button"
          >
            Delete
          </button>
          <button
            data-testid="update-button"
          >
            Update
          </button>
        </div>
      </div>
      <div
        class="MuiGrid-root MuiGrid-direction-xs-row MuiGrid-grid-xs-12 css-yqiqnf-MuiGrid-root"
      >
        <div
          class="MuiPaper-root MuiPaper-elevation MuiPaper-rounded MuiPaper-elevation1 MuiTableContainer-root css-y2ff7i-MuiPaper-root-MuiTableContainer-root"
          style="--Paper-shadow: 0px 2px 1px -1px rgba(0,0,0,0.2),0px 1px 1px 0px rgba(0,0,0,0.14),0px 1px 3px 0px rgba(0,0,0,0.12);"
        >
          <table
            aria-label="collapsible table"
            class="MuiTable-root css-4z2v8j-MuiTable-root"
          >
            <thead
              data-testid="enhanced-table-head"
            />
            <tbody
              class="MuiTableBody-root css-gmh7jj-MuiTableBody-root"
            >
              <tr
                aria-checked="false"
                class="MuiTableRow-root MuiTableRow-hover css-6ge3s-MuiTableRow-root"
                role="checkbox"
                tabindex="-1"
              >
                <td
                  class="MuiTableCell-root MuiTableCell-body MuiTableCell-paddingCheckbox MuiTableCell-sizeMedium css-mfzv8e-MuiTableCell-root"
                >
                  <span
                    class="MuiButtonBase-root MuiCheckbox-root MuiCheckbox-colorPrimary MuiCheckbox-sizeMedium PrivateSwitchBase-root MuiCheckbox-root MuiCheckbox-colorPrimary MuiCheckbox-sizeMedium MuiCheckbox-root MuiCheckbox-colorPrimary MuiCheckbox-sizeMedium css-vuhw6e-MuiButtonBase-root-MuiSwitchBase-root-MuiCheckbox-root"
                  >
                    <input
                      class="PrivateSwitchBase-input css-12xagqm-MuiSwitchBase-root"
                      data-indeterminate="false"
                      type="checkbox"
                    />
                    <svg
                      aria-hidden="true"
                      class="MuiSvgIcon-root MuiSvgIcon-fontSizeMedium css-1umw9bq-MuiSvgIcon-root"
                      data-testid="CheckBoxOutlineBlankIcon"
                      focusable="false"
                      viewBox="0 0 24 24"
                    >
                      <path
                        d="M19 5v14H5V5h14m0-2H5c-1.1 0-2 .9-2 2v14c0 1.1.9 2 2 2h14c1.1 0 2-.9 2-2V5c0-1.1-.9-2-2-2z"
                      />
                    </svg>
                  </span>
                </td>
                <th
                  class="MuiTableCell-root MuiTableCell-body MuiTableCell-sizeMedium css-1dc80h3-MuiTableCell-root"
                  scope="row"
                >
                  Test Dish
                </th>
                <td
                  class="MuiTableCell-root MuiTableCell-body MuiTableCell-sizeMedium css-1dc80h3-MuiTableCell-root"
                >
                  Test Record
                </td>
                <td
                  class="MuiTableCell-root MuiTableCell-body MuiTableCell-sizeMedium css-1dc80h3-MuiTableCell-root"
                >
                  2023-01-01 12:00
                </td>
                <td
                  class="MuiTableCell-root MuiTableCell-body MuiTableCell-sizeMedium css-1dc80h3-MuiTableCell-root"
                >
                  <button
                    aria-label="expand row"
                    class="MuiButtonBase-root MuiIconButton-root MuiIconButton-sizeSmall css-155wbr6-MuiButtonBase-root-MuiIconButton-root"
                    tabindex="0"
                    type="button"
                  >
                    <svg
                      aria-hidden="true"
                      class="MuiSvgIcon-root MuiSvgIcon-fontSizeMedium css-1umw9bq-MuiSvgIcon-root"
                      data-testid="KeyboardArrowDownIcon"
                      focusable="false"
                      viewBox="0 0 24 24"
                    >
                      <path
                        d="M7.41 8.59 12 13.17l4.59-4.58L18 10l-6 6-6-6z"
                      />
                    </svg>
                  </button>
                </td>
              </tr>
              <tr
                class="MuiTableRow-root css-1xtozoh-MuiTableRow-root"
              >
                <td
                  class="MuiTableCell-root MuiTableCell-body MuiTableCell-sizeMedium css-1dc80h3-MuiTableCell-root"
                  colspan="5"
                  style="padding-bottom: 0px; padding-top: 0px;"
                />
              </tr>
            </tbody>
          </table>
        </div>
        <div
          class="MuiTablePagination-root css-7mt0f-MuiTablePagination-root"
        >
          <div
            class="MuiToolbar-root MuiToolbar-gutters MuiToolbar-regular MuiTablePagination-toolbar css-1gak8h1-MuiToolbar-root-MuiTablePagination-toolbar"
          >
            <div
              class="MuiTablePagination-spacer css-1wtxofq-MuiTablePagination-spacer"
            />
            <p
              class="MuiTablePagination-selectLabel css-s09cke-MuiTablePagination-selectLabel"
              id=":r1n:"
            >
              Rows per page:
            </p>
            <div
              class="MuiInputBase-root MuiInputBase-colorPrimary MuiTablePagination-select MuiSelect-root MuiTablePagination-input css-oegngy-MuiInputBase-root-MuiTablePagination-select"
            >
              <div
                aria-expanded="false"
                aria-haspopup="listbox"
                aria-labelledby=":r1n: :r1m:"
                class="MuiSelect-select MuiTablePagination-select MuiSelect-standard MuiInputBase-input css-18zjd9i-MuiNativeSelect-root-MuiSelect-select-MuiInputBase-input"
                id=":r1m:"
                role="combobox"
                tabindex="0"
              >
                10
              </div>
              <input
                aria-hidden="true"
                aria-invalid="false"
                class="MuiSelect-nativeInput css-j0riat-MuiSelect-nativeInput"
                tabindex="-1"
                value="10"
              />
              <svg
                aria-hidden="true"
                class="MuiSvgIcon-root MuiSvgIcon-fontSizeMedium MuiSelect-icon MuiTablePagination-selectIcon MuiSelect-iconStandard css-ug7h84-MuiSvgIcon-root-MuiNativeSelect-root-MuiSelect-icon"
                data-testid="ArrowDropDownIcon"
                focusable="false"
                viewBox="0 0 24 24"
              >
                <path
                  d="M7 10l5 5 5-5z"
                />
              </svg>
            </div>
            <p
              class="MuiTablePagination-displayedRows css-11cfq65-MuiTablePagination-displayedRows"
            >
              1â€“1 of 1
            </p>
            <div
              class="MuiTablePaginationActions-root MuiTablePagination-actions css-sjsoon-MuiTablePaginationActions-root"
            >
              <button
                aria-label="Go to previous page"
                class="MuiButtonBase-root Mui-disabled MuiIconButton-root Mui-disabled MuiIconButton-colorInherit MuiIconButton-sizeMedium css-h7cjts-MuiButtonBase-root-MuiIconButton-root"
                disabled=""
                tabindex="-1"
                title="Go to previous page"
                type="button"
              >
                <svg
                  aria-hidden="true"
                  class="MuiSvgIcon-root MuiSvgIcon-fontSizeMedium css-1umw9bq-MuiSvgIcon-root"
                  data-testid="KeyboardArrowLeftIcon"
                  focusable="false"
                  viewBox="0 0 24 24"
                >
                  <path
                    d="M15.41 16.09l-4.58-4.59 4.58-4.59L14 5.5l-6 6 6 6z"
                  />
                </svg>
              </button>
              <button
                aria-label="Go to next page"
                class="MuiButtonBase-root Mui-disabled MuiIconButton-root Mui-disabled MuiIconButton-colorInherit MuiIconButton-sizeMedium css-h7cjts-MuiButtonBase-root-MuiIconButton-root"
                disabled=""
                tabindex="-1"
                title="Go to next page"
                type="button"
              >
                <svg
                  aria-hidden="true"
                  class="MuiSvgIcon-root MuiSvgIcon-fontSizeMedium css-1umw9bq-MuiSvgIcon-root"
                  data-testid="KeyboardArrowRightIcon"
                  focusable="false"
                  viewBox="0 0 24 24"
                >
                  <path
                    d="M8.59 16.34l4.58-4.59-4.58-4.59L10 5.75l6 6-6 6z"
                  />
                </svg>
              </button>
            </div>
          </div>
        </div>
      </div>
    </div>
    <div />
  </div>
</DocumentFragment>
`;

exports[`DishRecord Component Integration Tests > initial render matches snapshot 1`] = `
<DocumentFragment>
  <div
    class="MuiBox-root css-i9gxme"
  >
    <div
      class="MuiGrid-root MuiGrid-container MuiGrid-direction-xs-row css-d64g0g-MuiGrid-root"
    >
      <div
        class="MuiGrid-root MuiGrid-direction-xs-row MuiGrid-grid-xs-12 css-yqiqnf-MuiGrid-root"
      />
      <div
        class="MuiGrid-root MuiGrid-direction-xs-row MuiGrid-grid-xs-12 css-yqiqnf-MuiGrid-root"
      >
        <div>
          Dish Records
          <input
            data-testid="search-input"
          />
          <button
            data-testid="delete-button"
          >
            Delete
          </button>
          <button
            data-testid="update-button"
          >
            Update
          </button>
        </div>
      </div>
      <div
        class="MuiGrid-root MuiGrid-direction-xs-row MuiGrid-grid-xs-12 css-yqiqnf-MuiGrid-root"
      >
        <div
          class="MuiPaper-root MuiPaper-elevation MuiPaper-rounded MuiPaper-elevation1 MuiTableContainer-root css-y2ff7i-MuiPaper-root-MuiTableContainer-root"
          style="--Paper-shadow: 0px 2px 1px -1px rgba(0,0,0,0.2),0px 1px 1px 0px rgba(0,0,0,0.14),0px 1px 3px 0px rgba(0,0,0,0.12);"
        >
          <table
            aria-label="collapsible table"
            class="MuiTable-root css-4z2v8j-MuiTable-root"
          >
            <thead
              data-testid="enhanced-table-head"
            />
            <tbody
              class="MuiTableBody-root css-gmh7jj-MuiTableBody-root"
            >
              <tr
                aria-checked="false"
                class="MuiTableRow-root MuiTableRow-hover css-6ge3s-MuiTableRow-root"
                role="checkbox"
                tabindex="-1"
              >
                <td
                  class="MuiTableCell-root MuiTableCell-body MuiTableCell-paddingCheckbox MuiTableCell-sizeMedium css-mfzv8e-MuiTableCell-root"
                >
                  <span
                    class="MuiButtonBase-root MuiCheckbox-root MuiCheckbox-colorPrimary MuiCheckbox-sizeMedium PrivateSwitchBase-root MuiCheckbox-root MuiCheckbox-colorPrimary MuiCheckbox-sizeMedium MuiCheckbox-root MuiCheckbox-colorPrimary MuiCheckbox-sizeMedium css-vuhw6e-MuiButtonBase-root-MuiSwitchBase-root-MuiCheckbox-root"
                  >
                    <input
                      class="PrivateSwitchBase-input css-12xagqm-MuiSwitchBase-root"
                      data-indeterminate="false"
                      type="checkbox"
                    />
                    <svg
                      aria-hidden="true"
                      class="MuiSvgIcon-root MuiSvgIcon-fontSizeMedium css-1umw9bq-MuiSvgIcon-root"
                      data-testid="CheckBoxOutlineBlankIcon"
                      focusable="false"
                      viewBox="0 0 24 24"
                    >
                      <path
                        d="M19 5v14H5V5h14m0-2H5c-1.1 0-2 .9-2 2v14c0 1.1.9 2 2 2h14c1.1 0 2-.9 2-2V5c0-1.1-.9-2-2-2z"
                      />
                    </svg>
                  </span>
                </td>
                <th
                  class="MuiTableCell-root MuiTableCell-body MuiTableCell-sizeMedium css-1dc80h3-MuiTableCell-root"
                  scope="row"
                >
                  Test Dish
                </th>
                <td
                  class="MuiTableCell-root MuiTableCell-body MuiTableCell-sizeMedium css-1dc80h3-MuiTableCell-root"
                >
                  Test Record
                </td>
                <td
                  class="MuiTableCell-root MuiTableCell-body MuiTableCell-sizeMedium css-1dc80h3-MuiTableCell-root"
                >
                  2023-01-01 12:00
                </td>
                <td
                  class="MuiTableCell-root MuiTableCell-body MuiTableCell-sizeMedium css-1dc80h3-MuiTableCell-root"
                >
                  <button
                    aria-label="expand row"
                    class="MuiButtonBase-root MuiIconButton-root MuiIconButton-sizeSmall css-155wbr6-MuiButtonBase-root-MuiIconButton-root"
                    tabindex="0"
                    type="button"
                  >
                    <svg
                      aria-hidden="true"
                      class="MuiSvgIcon-root MuiSvgIcon-fontSizeMedium css-1umw9bq-MuiSvgIcon-root"
                      data-testid="KeyboardArrowDownIcon"
                      focusable="false"
                      viewBox="0 0 24 24"
                    >
                      <path
                        d="M7.41 8.59 12 13.17l4.59-4.58L18 10l-6 6-6-6z"
                      />
                    </svg>
                  </button>
                </td>
              </tr>
              <tr
                class="MuiTableRow-root css-1xtozoh-MuiTableRow-root"
              >
                <td
                  class="MuiTableCell-root MuiTableCell-body MuiTableCell-sizeMedium css-1dc80h3-MuiTableCell-root"
                  colspan="5"
                  style="padding-bottom: 0px; padding-top: 0px;"
                />
              </tr>
            </tbody>
          </table>
        </div>
        <div
          class="MuiTablePagination-root css-7mt0f-MuiTablePagination-root"
        >
          <div
            class="MuiToolbar-root MuiToolbar-gutters MuiToolbar-regular MuiTablePagination-toolbar css-1gak8h1-MuiToolbar-root-MuiTablePagination-toolbar"
          >
            <div
              class="MuiTablePagination-spacer css-1wtxofq-MuiTablePagination-spacer"
            />
            <p
              class="MuiTablePagination-selectLabel css-s09cke-MuiTablePagination-selectLabel"
              id=":r1:"
            >
              Rows per page:
            </p>
            <div
              class="MuiInputBase-root MuiInputBase-colorPrimary MuiTablePagination-select MuiSelect-root MuiTablePagination-input css-oegngy-MuiInputBase-root-MuiTablePagination-select"
            >
              <div
                aria-expanded="false"
                aria-haspopup="listbox"
                aria-labelledby=":r1: :r0:"
                class="MuiSelect-select MuiTablePagination-select MuiSelect-standard MuiInputBase-input css-18zjd9i-MuiNativeSelect-root-MuiSelect-select-MuiInputBase-input"
                id=":r0:"
                role="combobox"
                tabindex="0"
              >
                10
              </div>
              <input
                aria-hidden="true"
                aria-invalid="false"
                class="MuiSelect-nativeInput css-j0riat-MuiSelect-nativeInput"
                tabindex="-1"
                value="10"
              />
              <svg
                aria-hidden="true"
                class="MuiSvgIcon-root MuiSvgIcon-fontSizeMedium MuiSelect-icon MuiTablePagination-selectIcon MuiSelect-iconStandard css-ug7h84-MuiSvgIcon-root-MuiNativeSelect-root-MuiSelect-icon"
                data-testid="ArrowDropDownIcon"
                focusable="false"
                viewBox="0 0 24 24"
              >
                <path
                  d="M7 10l5 5 5-5z"
                />
              </svg>
            </div>
            <p
              class="MuiTablePagination-displayedRows css-11cfq65-MuiTablePagination-displayedRows"
            >
              1â€“1 of 1
            </p>
            <div
              class="MuiTablePaginationActions-root MuiTablePagination-actions css-sjsoon-MuiTablePaginationActions-root"
            >
              <button
                aria-label="Go to previous page"
                class="MuiButtonBase-root Mui-disabled MuiIconButton-root Mui-disabled MuiIconButton-colorInherit MuiIconButton-sizeMedium css-h7cjts-MuiButtonBase-root-MuiIconButton-root"
                disabled=""
                tabindex="-1"
                title="Go to previous page"
                type="button"
              >
                <svg
                  aria-hidden="true"
                  class="MuiSvgIcon-root MuiSvgIcon-fontSizeMedium css-1umw9bq-MuiSvgIcon-root"
                  data-testid="KeyboardArrowLeftIcon"
                  focusable="false"
                  viewBox="0 0 24 24"
                >
                  <path
                    d="M15.41 16.09l-4.58-4.59 4.58-4.59L14 5.5l-6 6 6 6z"
                  />
                </svg>
              </button>
              <button
                aria-label="Go to next page"
                class="MuiButtonBase-root Mui-disabled MuiIconButton-root Mui-disabled MuiIconButton-colorInherit MuiIconButton-sizeMedium css-h7cjts-MuiButtonBase-root-MuiIconButton-root"
                disabled=""
                tabindex="-1"
                title="Go to next page"
                type="button"
              >
                <svg
                  aria-hidden="true"
                  class="MuiSvgIcon-root MuiSvgIcon-fontSizeMedium css-1umw9bq-MuiSvgIcon-root"
                  data-testid="KeyboardArrowRightIcon"
                  focusable="false"
                  viewBox="0 0 24 24"
                >
                  <path
                    d="M8.59 16.34l4.58-4.59-4.58-4.59L10 5.75l6 6-6 6z"
                  />
                </svg>
              </button>
            </div>
          </div>
        </div>
      </div>
    </div>
    <div />
  </div>
</DocumentFragment>
`;
