// Vitest Snapshot v1, https://vitest.dev/guide/snapshot.html

exports[`FoodProvider > matches snapshot 1`] = `
<div>
  <div>
    Test Child
  </div>
</div>
`;
