// Vitest Snapshot v1, https://vitest.dev/guide/snapshot.html

exports[`NotificationProvider Component Tests > should render SnackbarProvider with correct props 1`] = `
<DocumentFragment>
  <div>
    <div>
      Test Child
    </div>
  </div>
</DocumentFragment>
`;
