// Vitest Snapshot v1, https://vitest.dev/guide/snapshot.html

exports[`ResetPasswordComponent > should match snapshot 1`] = `
<div>
  <div
    class="MuiBox-root css-1uzsq72"
  >
    <h5
      class="MuiTypography-root MuiTypography-h5 MuiTypography-gutterBottom css-1f9xtph-MuiTypography-root"
    >
      Reset Password
    </h5>
    <form>
      <div
        class="MuiFormControl-root MuiFormControl-marginNormal MuiFormControl-fullWidth MuiTextField-root css-16bevx5-MuiFormControl-root-MuiTextField-root"
      >
        <label
          class="MuiFormLabel-root MuiInputLabel-root MuiInputLabel-formControl MuiInputLabel-animated MuiInputLabel-outlined MuiFormLabel-colorPrimary Mui-required MuiInputLabel-root MuiInputLabel-formControl MuiInputLabel-animated MuiInputLabel-outlined css-19qnlrw-MuiFormLabel-root-MuiInputLabel-root"
          data-shrink="false"
          for=":r0:"
          id=":r0:-label"
        >
          Email
          <span
            aria-hidden="true"
            class="MuiFormLabel-asterisk MuiInputLabel-asterisk css-1ljffdk-MuiFormLabel-asterisk"
          >
             
            *
          </span>
        </label>
        <div
          class="MuiInputBase-root MuiOutlinedInput-root MuiInputBase-colorPrimary MuiInputBase-fullWidth MuiInputBase-formControl css-1blp12k-MuiInputBase-root-MuiOutlinedInput-root"
        >
          <input
            aria-invalid="false"
            autocomplete="email"
            class="MuiInputBase-input MuiOutlinedInput-input css-16wblaj-MuiInputBase-input-MuiOutlinedInput-input"
            id=":r0:"
            required=""
            type="email"
            value=""
          />
          <fieldset
            aria-hidden="true"
            class="MuiOutlinedInput-notchedOutline css-18p5xg2-MuiNotchedOutlined-root-MuiOutlinedInput-notchedOutline"
          >
            <legend
              class="css-1n64csd-MuiNotchedOutlined-root"
            >
              <span>
                Email
                 
                *
              </span>
            </legend>
          </fieldset>
        </div>
      </div>
      <button
        class="MuiButtonBase-root MuiButton-root MuiButton-contained MuiButton-containedPrimary MuiButton-sizeMedium MuiButton-containedSizeMedium MuiButton-colorPrimary MuiButton-fullWidth MuiButton-root MuiButton-contained MuiButton-containedPrimary MuiButton-sizeMedium MuiButton-containedSizeMedium MuiButton-colorPrimary MuiButton-fullWidth css-i7we6i-MuiButtonBase-root-MuiButton-root"
        tabindex="0"
        type="submit"
      >
        Send Reset Email
      </button>
      <p
        class="MuiTypography-root MuiTypography-body1 css-pw9lyv-MuiTypography-root"
      >
        Remember your password? 
        <a
          href="/login"
        >
          Sign In
        </a>
      </p>
    </form>
  </div>
</div>
`;
